../Core/Src/main.c:83:6:onBeatDetected	24	static
../Core/Src/main.c:102:6:HAL_UART_RxCpltCallback	16	static
../Core/Src/main.c:113:5:main	8	static
../Core/Src/main.c:183:6:SystemClock_Config	72	static
../Core/Src/main.c:223:13:MX_I2C1_Init	8	static
../Core/Src/main.c:257:13:MX_SPI1_Init	8	static
../Core/Src/main.c:295:13:MX_UART4_Init	8	static
../Core/Src/main.c:328:13:MX_USART1_UART_Init	8	static
../Core/Src/main.c:361:13:MX_USART3_UART_Init	8	static
../Core/Src/main.c:394:13:MX_GPIO_Init	40	static
../Core/Src/main.c:437:6:TestUart1	8	static
../Core/Src/main.c:441:6:TestDHT22	32	static
../Core/Src/main.c:446:6:TestGPS	24	static
../Core/Src/main.c:453:7:get_avg	24	static
../Core/Src/main.c:459:7:get_ac	24	static
../Core/Src/main.c:468:7:calculate_spo2	56	static
../Core/Src/main.c:482:6:Max30100_Init	64	static
../Core/Src/main.c:520:6:Max30100	32	static
../Core/Src/main.c:536:6:ReadDataSensorNew	24	static
../Core/Src/main.c:550:6:TestUart	24	static
../Core/Src/main.c:584:6:Send_AT_Commands	96	static
../Core/Src/main.c:589:6:Send_AT_Command1	2088	static
../Core/Src/main.c:600:6:Send_AT_Command	168	static
../Core/Src/main.c:626:6:Error_Handler	4	static,ignoring_inline_asm
