../Core/Src/main.c:83:6:onBeatDetected	1
../Core/Src/main.c:102:6:HAL_UART_RxCpltCallback	2
../Core/Src/main.c:113:5:main	1
../Core/Src/main.c:183:6:SystemClock_Config	3
../Core/Src/main.c:223:13:MX_I2C1_Init	2
../Core/Src/main.c:257:13:MX_SPI1_Init	2
../Core/Src/main.c:295:13:MX_UART4_Init	2
../Core/Src/main.c:328:13:MX_USART1_UART_Init	2
../Core/Src/main.c:361:13:MX_USART3_UART_Init	2
../Core/Src/main.c:394:13:MX_GPIO_Init	1
../Core/Src/main.c:437:6:TestUart1	1
../Core/Src/main.c:441:6:TestDHT22	1
../Core/Src/main.c:446:6:TestGPS	1
../Core/Src/main.c:453:7:get_avg	2
../Core/Src/main.c:459:7:get_ac	4
../Core/Src/main.c:468:7:calculate_spo2	3
../Core/Src/main.c:482:6:Max30100_Init	2
../Core/Src/main.c:520:6:Max30100	2
../Core/Src/main.c:536:6:ReadDataSensorNew	2
../Core/Src/main.c:550:6:TestUart	3
../Core/Src/main.c:584:6:Send_AT_Commands	1
../Core/Src/main.c:589:6:Send_AT_Command1	1
../Core/Src/main.c:600:6:Send_AT_Command	1
../Core/Src/main.c:626:6:Error_Handler	1
