../Core/Inc/MAX30100_Filters.h:20:21:FilterBuLp1_Step	24	static
../Core/Inc/MAX30100_Filters.h:35:20:DCRemover_Init	16	static
../Core/Inc/MAX30100_Filters.h:42:21:DCRemover_Step	24	static
../Core/Inc/MAX30100_Filters.h:50:21:DCRemover_GetDCW	16	static
../Core/Src/MAX30100_PulseOximeter.c:7:6:PulseOximeter_Init	16	static
../Core/Src/MAX30100_PulseOximeter.c:20:6:PulseOximeter_Begin	24	static
../Core/Src/MAX30100_PulseOximeter.c:49:6:PulseOximeter_Update	16	static
../Core/Src/MAX30100_PulseOximeter.c:56:7:PulseOximeter_GetHeartRate	16	static
../Core/Src/MAX30100_PulseOximeter.c:61:9:PulseOximeter_GetSpO2	16	static
../Core/Src/MAX30100_PulseOximeter.c:66:9:PulseOximeter_GetRedLedCurrentBias	16	static
../Core/Src/MAX30100_PulseOximeter.c:71:6:PulseOximeter_SetOnBeatDetectedCallback	16	static
../Core/Src/MAX30100_PulseOximeter.c:76:6:PulseOximeter_SetIRLedCurrent	16	static
../Core/Src/MAX30100_PulseOximeter.c:82:6:PulseOximeter_Shutdown	16	static
../Core/Src/MAX30100_PulseOximeter.c:87:6:PulseOximeter_Resume	16	static
../Core/Src/MAX30100_PulseOximeter.c:94:13:checkSample	48	static
../Core/Src/MAX30100_PulseOximeter.c:128:13:checkCurrentBias	32	static
